100000,{},2020-08-14 16:17:14